{"level":"warn","message":{"_body":{"sattus":"OK"},"_events":{},"_eventsCount":0,"_id":"65afc1ef2daa524501016dd0","accepted":false,"badRequest":false,"buffered":true,"charset":"utf-8","clientError":false,"created":false,"error":false,"forbidden":false,"header":{"access-control-allow-origin":"*","connection":"close","content-length":"15","content-type":"application/json; charset=utf-8","date":"Tue, 23 Jan 2024 13:41:06 GMT","etag":"W/\"f-wCAlIkOAx8e5udOBdaHjITK+VOw\"","x-powered-by":"Express"},"headers":{"access-control-allow-origin":"*","connection":"close","content-length":"15","content-type":"application/json; charset=utf-8","date":"Tue, 23 Jan 2024 13:41:06 GMT","etag":"W/\"f-wCAlIkOAx8e5udOBdaHjITK+VOw\"","x-powered-by":"Express"},"info":false,"links":{},"noContent":false,"notAcceptable":false,"notFound":false,"ok":true,"redirect":false,"redirects":[],"req":{"_closed":false,"_contentLength":0,"_defaultKeepAlive":true,"_ended":true,"_events":{},"_eventsCount":3,"_hasBody":true,"_header":"GET /api/v1/metric HTTP/1.1\r\nHost: 127.0.0.1:34457\r\nAccept-Encoding: gzip, deflate\r\nConnection: close\r\n\r\n","_headerSent":true,"_keepAliveTimeout":0,"_last":true,"_removedConnection":false,"_removedContLen":false,"_removedTE":false,"_trailer":"","aborted":false,"agent":{"_events":{},"_eventsCount":2,"defaultPort":80,"freeSockets":{},"keepAlive":false,"keepAliveMsecs":1000,"maxFreeSockets":256,"maxSockets":null,"maxTotalSockets":null,"options":{"noDelay":true,"path":null},"protocol":"http:","requests":{},"scheduling":"lifo","sockets":{"127.0.0.1:34457:":[{"_closeAfterHandlingError":false,"_events":{"close":[null,null]},"_eventsCount":7,"_hadError":false,"_host":null,"_httpMessage":"[Circular]","_parent":null,"_pendingData":null,"_pendingEncoding":"","_readableState":{"awaitDrainWriters":null,"buffer":{"head":null,"length":0,"tail":null},"highWaterMark":16384,"length":0,"pipes":[]},"_server":null,"_sockname":null,"_writableState":{"bufferedIndex":0,"corked":0,"highWaterMark":16384,"length":0,"pendingcb":1,"writelen":0},"allowHalfOpen":false,"connecting":false,"parser":null,"server":null}]},"totalSocketCount":1},"chunkedEncoding":false,"destroyed":false,"finished":true,"host":"127.0.0.1","maxHeadersCount":null,"maxRequestsOnConnectionReached":false,"method":"GET","outputData":[],"outputSize":0,"parser":null,"path":"/api/v1/metric","protocol":"http:","res":{"_consuming":false,"_dumped":false,"_events":{"data":[null,null,null],"end":[null,null,null],"error":[null,null]},"_eventsCount":4,"_readableState":{"awaitDrainWriters":null,"buffer":{"head":null,"length":0,"tail":null},"highWaterMark":16384,"length":0,"pipes":[]},"aborted":false,"client":{"_closeAfterHandlingError":false,"_events":{"close":[null,null]},"_eventsCount":7,"_hadError":false,"_host":null,"_httpMessage":"[Circular]","_parent":null,"_pendingData":null,"_pendingEncoding":"","_readableState":{"awaitDrainWriters":null,"buffer":{"head":null,"length":0,"tail":null},"highWaterMark":16384,"length":0,"pipes":[]},"_server":null,"_sockname":null,"_writableState":{"bufferedIndex":0,"corked":0,"highWaterMark":16384,"length":0,"pendingcb":1,"writelen":0},"allowHalfOpen":false,"connecting":false,"parser":null,"server":null},"complete":true,"httpVersion":"1.1","httpVersionMajor":1,"httpVersionMinor":1,"method":null,"rawHeaders":["X-Powered-By","Express","Access-Control-Allow-Origin","*","Content-Type","application/json; charset=utf-8","Content-Length","15","ETag","W/\"f-wCAlIkOAx8e5udOBdaHjITK+VOw\"","Date","Tue, 23 Jan 2024 13:41:06 GMT","Connection","close"],"rawTrailers":[],"req":"[Circular]","socket":{"_closeAfterHandlingError":false,"_events":{"close":[null,null]},"_eventsCount":7,"_hadError":false,"_host":null,"_httpMessage":"[Circular]","_parent":null,"_pendingData":null,"_pendingEncoding":"","_readableState":{"awaitDrainWriters":null,"buffer":{"head":null,"length":0,"tail":null},"highWaterMark":16384,"length":0,"pipes":[]},"_server":null,"_sockname":null,"_writableState":{"bufferedIndex":0,"corked":0,"highWaterMark":16384,"length":0,"pendingcb":1,"writelen":0},"allowHalfOpen":false,"connecting":false,"parser":null,"server":null},"statusCode":200,"statusMessage":"OK","text":"{\"sattus\":\"OK\"}","upgrade":false,"url":""},"reusedSocket":false,"sendDate":false,"shouldKeepAlive":false,"socket":{"_closeAfterHandlingError":false,"_events":{"close":[null,null]},"_eventsCount":7,"_hadError":false,"_host":null,"_httpMessage":"[Circular]","_parent":null,"_pendingData":null,"_pendingEncoding":"","_readableState":{"awaitDrainWriters":null,"buffer":{"head":null,"length":0,"tail":null},"highWaterMark":16384,"length":0,"pipes":[]},"_server":null,"_sockname":null,"_writableState":{"bufferedIndex":0,"corked":0,"highWaterMark":16384,"length":0,"pendingcb":1,"writelen":0},"allowHalfOpen":false,"connecting":false,"parser":null,"server":null},"strictContentLength":false,"timeoutCb":null,"upgradeOrConnect":false,"useChunkedEncodingByDefault":false,"writable":true},"request":{"headers":{},"method":"GET","url":"http://127.0.0.1:34457/api/v1/metric"},"res":{"_consuming":false,"_dumped":false,"_events":{"data":[null,null,null],"end":[null,null,null],"error":[null,null]},"_eventsCount":4,"_readableState":{"awaitDrainWriters":null,"buffer":{"head":null,"length":0,"tail":null},"highWaterMark":16384,"length":0,"pipes":[]},"aborted":false,"client":{"_closeAfterHandlingError":false,"_events":{"close":[null,null]},"_eventsCount":7,"_hadError":false,"_host":null,"_httpMessage":{"_closed":false,"_contentLength":0,"_defaultKeepAlive":true,"_ended":true,"_events":{},"_eventsCount":3,"_hasBody":true,"_header":"GET /api/v1/metric HTTP/1.1\r\nHost: 127.0.0.1:34457\r\nAccept-Encoding: gzip, deflate\r\nConnection: close\r\n\r\n","_headerSent":true,"_keepAliveTimeout":0,"_last":true,"_removedConnection":false,"_removedContLen":false,"_removedTE":false,"_trailer":"","aborted":false,"agent":{"_events":{},"_eventsCount":2,"defaultPort":80,"freeSockets":{},"keepAlive":false,"keepAliveMsecs":1000,"maxFreeSockets":256,"maxSockets":null,"maxTotalSockets":null,"options":{"noDelay":true,"path":null},"protocol":"http:","requests":{},"scheduling":"lifo","sockets":{"127.0.0.1:34457:":["[Circular]"]},"totalSocketCount":1},"chunkedEncoding":false,"destroyed":false,"finished":true,"host":"127.0.0.1","maxHeadersCount":null,"maxRequestsOnConnectionReached":false,"method":"GET","outputData":[],"outputSize":0,"parser":null,"path":"/api/v1/metric","protocol":"http:","res":"[Circular]","reusedSocket":false,"sendDate":false,"shouldKeepAlive":false,"socket":"[Circular]","strictContentLength":false,"timeoutCb":null,"upgradeOrConnect":false,"useChunkedEncodingByDefault":false,"writable":true},"_parent":null,"_pendingData":null,"_pendingEncoding":"","_readableState":{"awaitDrainWriters":null,"buffer":{"head":null,"length":0,"tail":null},"highWaterMark":16384,"length":0,"pipes":[]},"_server":null,"_sockname":null,"_writableState":{"bufferedIndex":0,"corked":0,"highWaterMark":16384,"length":0,"pendingcb":1,"writelen":0},"allowHalfOpen":false,"connecting":false,"parser":null,"server":null},"complete":true,"httpVersion":"1.1","httpVersionMajor":1,"httpVersionMinor":1,"method":null,"rawHeaders":["X-Powered-By","Express","Access-Control-Allow-Origin","*","Content-Type","application/json; charset=utf-8","Content-Length","15","ETag","W/\"f-wCAlIkOAx8e5udOBdaHjITK+VOw\"","Date","Tue, 23 Jan 2024 13:41:06 GMT","Connection","close"],"rawTrailers":[],"req":{"_closed":false,"_contentLength":0,"_defaultKeepAlive":true,"_ended":true,"_events":{},"_eventsCount":3,"_hasBody":true,"_header":"GET /api/v1/metric HTTP/1.1\r\nHost: 127.0.0.1:34457\r\nAccept-Encoding: gzip, deflate\r\nConnection: close\r\n\r\n","_headerSent":true,"_keepAliveTimeout":0,"_last":true,"_removedConnection":false,"_removedContLen":false,"_removedTE":false,"_trailer":"","aborted":false,"agent":{"_events":{},"_eventsCount":2,"defaultPort":80,"freeSockets":{},"keepAlive":false,"keepAliveMsecs":1000,"maxFreeSockets":256,"maxSockets":null,"maxTotalSockets":null,"options":{"noDelay":true,"path":null},"protocol":"http:","requests":{},"scheduling":"lifo","sockets":{"127.0.0.1:34457:":[{"_closeAfterHandlingError":false,"_events":{"close":[null,null]},"_eventsCount":7,"_hadError":false,"_host":null,"_httpMessage":"[Circular]","_parent":null,"_pendingData":null,"_pendingEncoding":"","_readableState":{"awaitDrainWriters":null,"buffer":{"head":null,"length":0,"tail":null},"highWaterMark":16384,"length":0,"pipes":[]},"_server":null,"_sockname":null,"_writableState":{"bufferedIndex":0,"corked":0,"highWaterMark":16384,"length":0,"pendingcb":1,"writelen":0},"allowHalfOpen":false,"connecting":false,"parser":null,"server":null}]},"totalSocketCount":1},"chunkedEncoding":false,"destroyed":false,"finished":true,"host":"127.0.0.1","maxHeadersCount":null,"maxRequestsOnConnectionReached":false,"method":"GET","outputData":[],"outputSize":0,"parser":null,"path":"/api/v1/metric","protocol":"http:","res":"[Circular]","reusedSocket":false,"sendDate":false,"shouldKeepAlive":false,"socket":{"_closeAfterHandlingError":false,"_events":{"close":[null,null]},"_eventsCount":7,"_hadError":false,"_host":null,"_httpMessage":"[Circular]","_parent":null,"_pendingData":null,"_pendingEncoding":"","_readableState":{"awaitDrainWriters":null,"buffer":{"head":null,"length":0,"tail":null},"highWaterMark":16384,"length":0,"pipes":[]},"_server":null,"_sockname":null,"_writableState":{"bufferedIndex":0,"corked":0,"highWaterMark":16384,"length":0,"pendingcb":1,"writelen":0},"allowHalfOpen":false,"connecting":false,"parser":null,"server":null},"strictContentLength":false,"timeoutCb":null,"upgradeOrConnect":false,"useChunkedEncodingByDefault":false,"writable":true},"socket":{"_closeAfterHandlingError":false,"_events":{"close":[null,null]},"_eventsCount":7,"_hadError":false,"_host":null,"_httpMessage":{"_closed":false,"_contentLength":0,"_defaultKeepAlive":true,"_ended":true,"_events":{},"_eventsCount":3,"_hasBody":true,"_header":"GET /api/v1/metric HTTP/1.1\r\nHost: 127.0.0.1:34457\r\nAccept-Encoding: gzip, deflate\r\nConnection: close\r\n\r\n","_headerSent":true,"_keepAliveTimeout":0,"_last":true,"_removedConnection":false,"_removedContLen":false,"_removedTE":false,"_trailer":"","aborted":false,"agent":{"_events":{},"_eventsCount":2,"defaultPort":80,"freeSockets":{},"keepAlive":false,"keepAliveMsecs":1000,"maxFreeSockets":256,"maxSockets":null,"maxTotalSockets":null,"options":{"noDelay":true,"path":null},"protocol":"http:","requests":{},"scheduling":"lifo","sockets":{"127.0.0.1:34457:":["[Circular]"]},"totalSocketCount":1},"chunkedEncoding":false,"destroyed":false,"finished":true,"host":"127.0.0.1","maxHeadersCount":null,"maxRequestsOnConnectionReached":false,"method":"GET","outputData":[],"outputSize":0,"parser":null,"path":"/api/v1/metric","protocol":"http:","res":"[Circular]","reusedSocket":false,"sendDate":false,"shouldKeepAlive":false,"socket":"[Circular]","strictContentLength":false,"timeoutCb":null,"upgradeOrConnect":false,"useChunkedEncodingByDefault":false,"writable":true},"_parent":null,"_pendingData":null,"_pendingEncoding":"","_readableState":{"awaitDrainWriters":null,"buffer":{"head":null,"length":0,"tail":null},"highWaterMark":16384,"length":0,"pipes":[]},"_server":null,"_sockname":null,"_writableState":{"bufferedIndex":0,"corked":0,"highWaterMark":16384,"length":0,"pendingcb":1,"writelen":0},"allowHalfOpen":false,"connecting":false,"parser":null,"server":null},"statusCode":200,"statusMessage":"OK","text":"{\"sattus\":\"OK\"}","upgrade":false,"url":""},"serverError":false,"status":200,"statusCode":200,"statusType":2,"text":"{\"sattus\":\"OK\"}","type":"application/json","unauthorized":false,"unprocessableEntity":false}}
{"level":"warn","message":{"_body":{"sattus":"OK"},"_events":{},"_eventsCount":0,"_id":"65afc33b920f14e39be7162a","accepted":false,"badRequest":false,"buffered":true,"charset":"utf-8","clientError":false,"created":false,"error":false,"forbidden":false,"header":{"access-control-allow-origin":"*","connection":"close","content-length":"15","content-type":"application/json; charset=utf-8","date":"Tue, 23 Jan 2024 13:46:35 GMT","etag":"W/\"f-wCAlIkOAx8e5udOBdaHjITK+VOw\"","x-powered-by":"Express"},"headers":{"access-control-allow-origin":"*","connection":"close","content-length":"15","content-type":"application/json; charset=utf-8","date":"Tue, 23 Jan 2024 13:46:35 GMT","etag":"W/\"f-wCAlIkOAx8e5udOBdaHjITK+VOw\"","x-powered-by":"Express"},"info":false,"links":{},"noContent":false,"notAcceptable":false,"notFound":false,"ok":true,"redirect":false,"redirects":[],"req":{"_closed":false,"_contentLength":0,"_defaultKeepAlive":true,"_ended":true,"_events":{},"_eventsCount":3,"_hasBody":true,"_header":"GET /api/v1/metric HTTP/1.1\r\nHost: 127.0.0.1:34849\r\nAccept-Encoding: gzip, deflate\r\nConnection: close\r\n\r\n","_headerSent":true,"_keepAliveTimeout":0,"_last":true,"_removedConnection":false,"_removedContLen":false,"_removedTE":false,"_trailer":"","aborted":false,"agent":{"_events":{},"_eventsCount":2,"defaultPort":80,"freeSockets":{},"keepAlive":false,"keepAliveMsecs":1000,"maxFreeSockets":256,"maxSockets":null,"maxTotalSockets":null,"options":{"noDelay":true,"path":null},"protocol":"http:","requests":{},"scheduling":"lifo","sockets":{"127.0.0.1:34849:":[{"_closeAfterHandlingError":false,"_events":{"close":[null,null]},"_eventsCount":7,"_hadError":false,"_host":null,"_httpMessage":"[Circular]","_parent":null,"_pendingData":null,"_pendingEncoding":"","_readableState":{"awaitDrainWriters":null,"buffer":{"head":null,"length":0,"tail":null},"highWaterMark":16384,"length":0,"pipes":[]},"_server":null,"_sockname":null,"_writableState":{"bufferedIndex":0,"corked":0,"highWaterMark":16384,"length":0,"pendingcb":1,"writelen":0},"allowHalfOpen":false,"connecting":false,"parser":null,"server":null}]},"totalSocketCount":1},"chunkedEncoding":false,"destroyed":false,"finished":true,"host":"127.0.0.1","maxHeadersCount":null,"maxRequestsOnConnectionReached":false,"method":"GET","outputData":[],"outputSize":0,"parser":null,"path":"/api/v1/metric","protocol":"http:","res":{"_consuming":false,"_dumped":false,"_events":{"data":[null,null,null],"end":[null,null,null],"error":[null,null]},"_eventsCount":4,"_readableState":{"awaitDrainWriters":null,"buffer":{"head":null,"length":0,"tail":null},"highWaterMark":16384,"length":0,"pipes":[]},"aborted":false,"client":{"_closeAfterHandlingError":false,"_events":{"close":[null,null]},"_eventsCount":7,"_hadError":false,"_host":null,"_httpMessage":"[Circular]","_parent":null,"_pendingData":null,"_pendingEncoding":"","_readableState":{"awaitDrainWriters":null,"buffer":{"head":null,"length":0,"tail":null},"highWaterMark":16384,"length":0,"pipes":[]},"_server":null,"_sockname":null,"_writableState":{"bufferedIndex":0,"corked":0,"highWaterMark":16384,"length":0,"pendingcb":1,"writelen":0},"allowHalfOpen":false,"connecting":false,"parser":null,"server":null},"complete":true,"httpVersion":"1.1","httpVersionMajor":1,"httpVersionMinor":1,"method":null,"rawHeaders":["X-Powered-By","Express","Access-Control-Allow-Origin","*","Content-Type","application/json; charset=utf-8","Content-Length","15","ETag","W/\"f-wCAlIkOAx8e5udOBdaHjITK+VOw\"","Date","Tue, 23 Jan 2024 13:46:35 GMT","Connection","close"],"rawTrailers":[],"req":"[Circular]","socket":{"_closeAfterHandlingError":false,"_events":{"close":[null,null]},"_eventsCount":7,"_hadError":false,"_host":null,"_httpMessage":"[Circular]","_parent":null,"_pendingData":null,"_pendingEncoding":"","_readableState":{"awaitDrainWriters":null,"buffer":{"head":null,"length":0,"tail":null},"highWaterMark":16384,"length":0,"pipes":[]},"_server":null,"_sockname":null,"_writableState":{"bufferedIndex":0,"corked":0,"highWaterMark":16384,"length":0,"pendingcb":1,"writelen":0},"allowHalfOpen":false,"connecting":false,"parser":null,"server":null},"statusCode":200,"statusMessage":"OK","text":"{\"sattus\":\"OK\"}","upgrade":false,"url":""},"reusedSocket":false,"sendDate":false,"shouldKeepAlive":false,"socket":{"_closeAfterHandlingError":false,"_events":{"close":[null,null]},"_eventsCount":7,"_hadError":false,"_host":null,"_httpMessage":"[Circular]","_parent":null,"_pendingData":null,"_pendingEncoding":"","_readableState":{"awaitDrainWriters":null,"buffer":{"head":null,"length":0,"tail":null},"highWaterMark":16384,"length":0,"pipes":[]},"_server":null,"_sockname":null,"_writableState":{"bufferedIndex":0,"corked":0,"highWaterMark":16384,"length":0,"pendingcb":1,"writelen":0},"allowHalfOpen":false,"connecting":false,"parser":null,"server":null},"strictContentLength":false,"timeoutCb":null,"upgradeOrConnect":false,"useChunkedEncodingByDefault":false,"writable":true},"request":{"headers":{},"method":"GET","url":"http://127.0.0.1:34849/api/v1/metric"},"res":{"_consuming":false,"_dumped":false,"_events":{"data":[null,null,null],"end":[null,null,null],"error":[null,null]},"_eventsCount":4,"_readableState":{"awaitDrainWriters":null,"buffer":{"head":null,"length":0,"tail":null},"highWaterMark":16384,"length":0,"pipes":[]},"aborted":false,"client":{"_closeAfterHandlingError":false,"_events":{"close":[null,null]},"_eventsCount":7,"_hadError":false,"_host":null,"_httpMessage":{"_closed":false,"_contentLength":0,"_defaultKeepAlive":true,"_ended":true,"_events":{},"_eventsCount":3,"_hasBody":true,"_header":"GET /api/v1/metric HTTP/1.1\r\nHost: 127.0.0.1:34849\r\nAccept-Encoding: gzip, deflate\r\nConnection: close\r\n\r\n","_headerSent":true,"_keepAliveTimeout":0,"_last":true,"_removedConnection":false,"_removedContLen":false,"_removedTE":false,"_trailer":"","aborted":false,"agent":{"_events":{},"_eventsCount":2,"defaultPort":80,"freeSockets":{},"keepAlive":false,"keepAliveMsecs":1000,"maxFreeSockets":256,"maxSockets":null,"maxTotalSockets":null,"options":{"noDelay":true,"path":null},"protocol":"http:","requests":{},"scheduling":"lifo","sockets":{"127.0.0.1:34849:":["[Circular]"]},"totalSocketCount":1},"chunkedEncoding":false,"destroyed":false,"finished":true,"host":"127.0.0.1","maxHeadersCount":null,"maxRequestsOnConnectionReached":false,"method":"GET","outputData":[],"outputSize":0,"parser":null,"path":"/api/v1/metric","protocol":"http:","res":"[Circular]","reusedSocket":false,"sendDate":false,"shouldKeepAlive":false,"socket":"[Circular]","strictContentLength":false,"timeoutCb":null,"upgradeOrConnect":false,"useChunkedEncodingByDefault":false,"writable":true},"_parent":null,"_pendingData":null,"_pendingEncoding":"","_readableState":{"awaitDrainWriters":null,"buffer":{"head":null,"length":0,"tail":null},"highWaterMark":16384,"length":0,"pipes":[]},"_server":null,"_sockname":null,"_writableState":{"bufferedIndex":0,"corked":0,"highWaterMark":16384,"length":0,"pendingcb":1,"writelen":0},"allowHalfOpen":false,"connecting":false,"parser":null,"server":null},"complete":true,"httpVersion":"1.1","httpVersionMajor":1,"httpVersionMinor":1,"method":null,"rawHeaders":["X-Powered-By","Express","Access-Control-Allow-Origin","*","Content-Type","application/json; charset=utf-8","Content-Length","15","ETag","W/\"f-wCAlIkOAx8e5udOBdaHjITK+VOw\"","Date","Tue, 23 Jan 2024 13:46:35 GMT","Connection","close"],"rawTrailers":[],"req":{"_closed":false,"_contentLength":0,"_defaultKeepAlive":true,"_ended":true,"_events":{},"_eventsCount":3,"_hasBody":true,"_header":"GET /api/v1/metric HTTP/1.1\r\nHost: 127.0.0.1:34849\r\nAccept-Encoding: gzip, deflate\r\nConnection: close\r\n\r\n","_headerSent":true,"_keepAliveTimeout":0,"_last":true,"_removedConnection":false,"_removedContLen":false,"_removedTE":false,"_trailer":"","aborted":false,"agent":{"_events":{},"_eventsCount":2,"defaultPort":80,"freeSockets":{},"keepAlive":false,"keepAliveMsecs":1000,"maxFreeSockets":256,"maxSockets":null,"maxTotalSockets":null,"options":{"noDelay":true,"path":null},"protocol":"http:","requests":{},"scheduling":"lifo","sockets":{"127.0.0.1:34849:":[{"_closeAfterHandlingError":false,"_events":{"close":[null,null]},"_eventsCount":7,"_hadError":false,"_host":null,"_httpMessage":"[Circular]","_parent":null,"_pendingData":null,"_pendingEncoding":"","_readableState":{"awaitDrainWriters":null,"buffer":{"head":null,"length":0,"tail":null},"highWaterMark":16384,"length":0,"pipes":[]},"_server":null,"_sockname":null,"_writableState":{"bufferedIndex":0,"corked":0,"highWaterMark":16384,"length":0,"pendingcb":1,"writelen":0},"allowHalfOpen":false,"connecting":false,"parser":null,"server":null}]},"totalSocketCount":1},"chunkedEncoding":false,"destroyed":false,"finished":true,"host":"127.0.0.1","maxHeadersCount":null,"maxRequestsOnConnectionReached":false,"method":"GET","outputData":[],"outputSize":0,"parser":null,"path":"/api/v1/metric","protocol":"http:","res":"[Circular]","reusedSocket":false,"sendDate":false,"shouldKeepAlive":false,"socket":{"_closeAfterHandlingError":false,"_events":{"close":[null,null]},"_eventsCount":7,"_hadError":false,"_host":null,"_httpMessage":"[Circular]","_parent":null,"_pendingData":null,"_pendingEncoding":"","_readableState":{"awaitDrainWriters":null,"buffer":{"head":null,"length":0,"tail":null},"highWaterMark":16384,"length":0,"pipes":[]},"_server":null,"_sockname":null,"_writableState":{"bufferedIndex":0,"corked":0,"highWaterMark":16384,"length":0,"pendingcb":1,"writelen":0},"allowHalfOpen":false,"connecting":false,"parser":null,"server":null},"strictContentLength":false,"timeoutCb":null,"upgradeOrConnect":false,"useChunkedEncodingByDefault":false,"writable":true},"socket":{"_closeAfterHandlingError":false,"_events":{"close":[null,null]},"_eventsCount":7,"_hadError":false,"_host":null,"_httpMessage":{"_closed":false,"_contentLength":0,"_defaultKeepAlive":true,"_ended":true,"_events":{},"_eventsCount":3,"_hasBody":true,"_header":"GET /api/v1/metric HTTP/1.1\r\nHost: 127.0.0.1:34849\r\nAccept-Encoding: gzip, deflate\r\nConnection: close\r\n\r\n","_headerSent":true,"_keepAliveTimeout":0,"_last":true,"_removedConnection":false,"_removedContLen":false,"_removedTE":false,"_trailer":"","aborted":false,"agent":{"_events":{},"_eventsCount":2,"defaultPort":80,"freeSockets":{},"keepAlive":false,"keepAliveMsecs":1000,"maxFreeSockets":256,"maxSockets":null,"maxTotalSockets":null,"options":{"noDelay":true,"path":null},"protocol":"http:","requests":{},"scheduling":"lifo","sockets":{"127.0.0.1:34849:":["[Circular]"]},"totalSocketCount":1},"chunkedEncoding":false,"destroyed":false,"finished":true,"host":"127.0.0.1","maxHeadersCount":null,"maxRequestsOnConnectionReached":false,"method":"GET","outputData":[],"outputSize":0,"parser":null,"path":"/api/v1/metric","protocol":"http:","res":"[Circular]","reusedSocket":false,"sendDate":false,"shouldKeepAlive":false,"socket":"[Circular]","strictContentLength":false,"timeoutCb":null,"upgradeOrConnect":false,"useChunkedEncodingByDefault":false,"writable":true},"_parent":null,"_pendingData":null,"_pendingEncoding":"","_readableState":{"awaitDrainWriters":null,"buffer":{"head":null,"length":0,"tail":null},"highWaterMark":16384,"length":0,"pipes":[]},"_server":null,"_sockname":null,"_writableState":{"bufferedIndex":0,"corked":0,"highWaterMark":16384,"length":0,"pendingcb":1,"writelen":0},"allowHalfOpen":false,"connecting":false,"parser":null,"server":null},"statusCode":200,"statusMessage":"OK","text":"{\"sattus\":\"OK\"}","upgrade":false,"url":""},"serverError":false,"status":200,"statusCode":200,"statusType":2,"text":"{\"sattus\":\"OK\"}","type":"application/json","unauthorized":false,"unprocessableEntity":false}}
{"level":"warn","message":{"_body":{"sattus":"OK"},"_events":{},"_eventsCount":0,"_id":"65afc38f56fdd3ae8eba221e","accepted":false,"badRequest":false,"buffered":true,"charset":"utf-8","clientError":false,"created":false,"error":false,"forbidden":false,"header":{"access-control-allow-origin":"*","connection":"close","content-length":"15","content-type":"application/json; charset=utf-8","date":"Tue, 23 Jan 2024 13:48:00 GMT","etag":"W/\"f-wCAlIkOAx8e5udOBdaHjITK+VOw\"","x-powered-by":"Express"},"headers":{"access-control-allow-origin":"*","connection":"close","content-length":"15","content-type":"application/json; charset=utf-8","date":"Tue, 23 Jan 2024 13:48:00 GMT","etag":"W/\"f-wCAlIkOAx8e5udOBdaHjITK+VOw\"","x-powered-by":"Express"},"info":false,"links":{},"noContent":false,"notAcceptable":false,"notFound":false,"ok":true,"redirect":false,"redirects":[],"req":{"_closed":false,"_contentLength":0,"_defaultKeepAlive":true,"_ended":true,"_events":{},"_eventsCount":3,"_hasBody":true,"_header":"GET /api/v1/metric HTTP/1.1\r\nHost: 127.0.0.1:38805\r\nAccept-Encoding: gzip, deflate\r\nConnection: close\r\n\r\n","_headerSent":true,"_keepAliveTimeout":0,"_last":true,"_removedConnection":false,"_removedContLen":false,"_removedTE":false,"_trailer":"","aborted":false,"agent":{"_events":{},"_eventsCount":2,"defaultPort":80,"freeSockets":{},"keepAlive":false,"keepAliveMsecs":1000,"maxFreeSockets":256,"maxSockets":null,"maxTotalSockets":null,"options":{"noDelay":true,"path":null},"protocol":"http:","requests":{},"scheduling":"lifo","sockets":{"127.0.0.1:38805:":[{"_closeAfterHandlingError":false,"_events":{"close":[null,null]},"_eventsCount":7,"_hadError":false,"_host":null,"_httpMessage":"[Circular]","_parent":null,"_pendingData":null,"_pendingEncoding":"","_readableState":{"awaitDrainWriters":null,"buffer":{"head":null,"length":0,"tail":null},"highWaterMark":16384,"length":0,"pipes":[]},"_server":null,"_sockname":null,"_writableState":{"bufferedIndex":0,"corked":0,"highWaterMark":16384,"length":0,"pendingcb":1,"writelen":0},"allowHalfOpen":false,"connecting":false,"parser":null,"server":null}]},"totalSocketCount":1},"chunkedEncoding":false,"destroyed":false,"finished":true,"host":"127.0.0.1","maxHeadersCount":null,"maxRequestsOnConnectionReached":false,"method":"GET","outputData":[],"outputSize":0,"parser":null,"path":"/api/v1/metric","protocol":"http:","res":{"_consuming":false,"_dumped":false,"_events":{"data":[null,null,null],"end":[null,null,null],"error":[null,null]},"_eventsCount":4,"_readableState":{"awaitDrainWriters":null,"buffer":{"head":null,"length":0,"tail":null},"highWaterMark":16384,"length":0,"pipes":[]},"aborted":false,"client":{"_closeAfterHandlingError":false,"_events":{"close":[null,null]},"_eventsCount":7,"_hadError":false,"_host":null,"_httpMessage":"[Circular]","_parent":null,"_pendingData":null,"_pendingEncoding":"","_readableState":{"awaitDrainWriters":null,"buffer":{"head":null,"length":0,"tail":null},"highWaterMark":16384,"length":0,"pipes":[]},"_server":null,"_sockname":null,"_writableState":{"bufferedIndex":0,"corked":0,"highWaterMark":16384,"length":0,"pendingcb":1,"writelen":0},"allowHalfOpen":false,"connecting":false,"parser":null,"server":null},"complete":true,"httpVersion":"1.1","httpVersionMajor":1,"httpVersionMinor":1,"method":null,"rawHeaders":["X-Powered-By","Express","Access-Control-Allow-Origin","*","Content-Type","application/json; charset=utf-8","Content-Length","15","ETag","W/\"f-wCAlIkOAx8e5udOBdaHjITK+VOw\"","Date","Tue, 23 Jan 2024 13:48:00 GMT","Connection","close"],"rawTrailers":[],"req":"[Circular]","socket":{"_closeAfterHandlingError":false,"_events":{"close":[null,null]},"_eventsCount":7,"_hadError":false,"_host":null,"_httpMessage":"[Circular]","_parent":null,"_pendingData":null,"_pendingEncoding":"","_readableState":{"awaitDrainWriters":null,"buffer":{"head":null,"length":0,"tail":null},"highWaterMark":16384,"length":0,"pipes":[]},"_server":null,"_sockname":null,"_writableState":{"bufferedIndex":0,"corked":0,"highWaterMark":16384,"length":0,"pendingcb":1,"writelen":0},"allowHalfOpen":false,"connecting":false,"parser":null,"server":null},"statusCode":200,"statusMessage":"OK","text":"{\"sattus\":\"OK\"}","upgrade":false,"url":""},"reusedSocket":false,"sendDate":false,"shouldKeepAlive":false,"socket":{"_closeAfterHandlingError":false,"_events":{"close":[null,null]},"_eventsCount":7,"_hadError":false,"_host":null,"_httpMessage":"[Circular]","_parent":null,"_pendingData":null,"_pendingEncoding":"","_readableState":{"awaitDrainWriters":null,"buffer":{"head":null,"length":0,"tail":null},"highWaterMark":16384,"length":0,"pipes":[]},"_server":null,"_sockname":null,"_writableState":{"bufferedIndex":0,"corked":0,"highWaterMark":16384,"length":0,"pendingcb":1,"writelen":0},"allowHalfOpen":false,"connecting":false,"parser":null,"server":null},"strictContentLength":false,"timeoutCb":null,"upgradeOrConnect":false,"useChunkedEncodingByDefault":false,"writable":true},"request":{"headers":{},"method":"GET","url":"http://127.0.0.1:38805/api/v1/metric"},"res":{"_consuming":false,"_dumped":false,"_events":{"data":[null,null,null],"end":[null,null,null],"error":[null,null]},"_eventsCount":4,"_readableState":{"awaitDrainWriters":null,"buffer":{"head":null,"length":0,"tail":null},"highWaterMark":16384,"length":0,"pipes":[]},"aborted":false,"client":{"_closeAfterHandlingError":false,"_events":{"close":[null,null]},"_eventsCount":7,"_hadError":false,"_host":null,"_httpMessage":{"_closed":false,"_contentLength":0,"_defaultKeepAlive":true,"_ended":true,"_events":{},"_eventsCount":3,"_hasBody":true,"_header":"GET /api/v1/metric HTTP/1.1\r\nHost: 127.0.0.1:38805\r\nAccept-Encoding: gzip, deflate\r\nConnection: close\r\n\r\n","_headerSent":true,"_keepAliveTimeout":0,"_last":true,"_removedConnection":false,"_removedContLen":false,"_removedTE":false,"_trailer":"","aborted":false,"agent":{"_events":{},"_eventsCount":2,"defaultPort":80,"freeSockets":{},"keepAlive":false,"keepAliveMsecs":1000,"maxFreeSockets":256,"maxSockets":null,"maxTotalSockets":null,"options":{"noDelay":true,"path":null},"protocol":"http:","requests":{},"scheduling":"lifo","sockets":{"127.0.0.1:38805:":["[Circular]"]},"totalSocketCount":1},"chunkedEncoding":false,"destroyed":false,"finished":true,"host":"127.0.0.1","maxHeadersCount":null,"maxRequestsOnConnectionReached":false,"method":"GET","outputData":[],"outputSize":0,"parser":null,"path":"/api/v1/metric","protocol":"http:","res":"[Circular]","reusedSocket":false,"sendDate":false,"shouldKeepAlive":false,"socket":"[Circular]","strictContentLength":false,"timeoutCb":null,"upgradeOrConnect":false,"useChunkedEncodingByDefault":false,"writable":true},"_parent":null,"_pendingData":null,"_pendingEncoding":"","_readableState":{"awaitDrainWriters":null,"buffer":{"head":null,"length":0,"tail":null},"highWaterMark":16384,"length":0,"pipes":[]},"_server":null,"_sockname":null,"_writableState":{"bufferedIndex":0,"corked":0,"highWaterMark":16384,"length":0,"pendingcb":1,"writelen":0},"allowHalfOpen":false,"connecting":false,"parser":null,"server":null},"complete":true,"httpVersion":"1.1","httpVersionMajor":1,"httpVersionMinor":1,"method":null,"rawHeaders":["X-Powered-By","Express","Access-Control-Allow-Origin","*","Content-Type","application/json; charset=utf-8","Content-Length","15","ETag","W/\"f-wCAlIkOAx8e5udOBdaHjITK+VOw\"","Date","Tue, 23 Jan 2024 13:48:00 GMT","Connection","close"],"rawTrailers":[],"req":{"_closed":false,"_contentLength":0,"_defaultKeepAlive":true,"_ended":true,"_events":{},"_eventsCount":3,"_hasBody":true,"_header":"GET /api/v1/metric HTTP/1.1\r\nHost: 127.0.0.1:38805\r\nAccept-Encoding: gzip, deflate\r\nConnection: close\r\n\r\n","_headerSent":true,"_keepAliveTimeout":0,"_last":true,"_removedConnection":false,"_removedContLen":false,"_removedTE":false,"_trailer":"","aborted":false,"agent":{"_events":{},"_eventsCount":2,"defaultPort":80,"freeSockets":{},"keepAlive":false,"keepAliveMsecs":1000,"maxFreeSockets":256,"maxSockets":null,"maxTotalSockets":null,"options":{"noDelay":true,"path":null},"protocol":"http:","requests":{},"scheduling":"lifo","sockets":{"127.0.0.1:38805:":[{"_closeAfterHandlingError":false,"_events":{"close":[null,null]},"_eventsCount":7,"_hadError":false,"_host":null,"_httpMessage":"[Circular]","_parent":null,"_pendingData":null,"_pendingEncoding":"","_readableState":{"awaitDrainWriters":null,"buffer":{"head":null,"length":0,"tail":null},"highWaterMark":16384,"length":0,"pipes":[]},"_server":null,"_sockname":null,"_writableState":{"bufferedIndex":0,"corked":0,"highWaterMark":16384,"length":0,"pendingcb":1,"writelen":0},"allowHalfOpen":false,"connecting":false,"parser":null,"server":null}]},"totalSocketCount":1},"chunkedEncoding":false,"destroyed":false,"finished":true,"host":"127.0.0.1","maxHeadersCount":null,"maxRequestsOnConnectionReached":false,"method":"GET","outputData":[],"outputSize":0,"parser":null,"path":"/api/v1/metric","protocol":"http:","res":"[Circular]","reusedSocket":false,"sendDate":false,"shouldKeepAlive":false,"socket":{"_closeAfterHandlingError":false,"_events":{"close":[null,null]},"_eventsCount":7,"_hadError":false,"_host":null,"_httpMessage":"[Circular]","_parent":null,"_pendingData":null,"_pendingEncoding":"","_readableState":{"awaitDrainWriters":null,"buffer":{"head":null,"length":0,"tail":null},"highWaterMark":16384,"length":0,"pipes":[]},"_server":null,"_sockname":null,"_writableState":{"bufferedIndex":0,"corked":0,"highWaterMark":16384,"length":0,"pendingcb":1,"writelen":0},"allowHalfOpen":false,"connecting":false,"parser":null,"server":null},"strictContentLength":false,"timeoutCb":null,"upgradeOrConnect":false,"useChunkedEncodingByDefault":false,"writable":true},"socket":{"_closeAfterHandlingError":false,"_events":{"close":[null,null]},"_eventsCount":7,"_hadError":false,"_host":null,"_httpMessage":{"_closed":false,"_contentLength":0,"_defaultKeepAlive":true,"_ended":true,"_events":{},"_eventsCount":3,"_hasBody":true,"_header":"GET /api/v1/metric HTTP/1.1\r\nHost: 127.0.0.1:38805\r\nAccept-Encoding: gzip, deflate\r\nConnection: close\r\n\r\n","_headerSent":true,"_keepAliveTimeout":0,"_last":true,"_removedConnection":false,"_removedContLen":false,"_removedTE":false,"_trailer":"","aborted":false,"agent":{"_events":{},"_eventsCount":2,"defaultPort":80,"freeSockets":{},"keepAlive":false,"keepAliveMsecs":1000,"maxFreeSockets":256,"maxSockets":null,"maxTotalSockets":null,"options":{"noDelay":true,"path":null},"protocol":"http:","requests":{},"scheduling":"lifo","sockets":{"127.0.0.1:38805:":["[Circular]"]},"totalSocketCount":1},"chunkedEncoding":false,"destroyed":false,"finished":true,"host":"127.0.0.1","maxHeadersCount":null,"maxRequestsOnConnectionReached":false,"method":"GET","outputData":[],"outputSize":0,"parser":null,"path":"/api/v1/metric","protocol":"http:","res":"[Circular]","reusedSocket":false,"sendDate":false,"shouldKeepAlive":false,"socket":"[Circular]","strictContentLength":false,"timeoutCb":null,"upgradeOrConnect":false,"useChunkedEncodingByDefault":false,"writable":true},"_parent":null,"_pendingData":null,"_pendingEncoding":"","_readableState":{"awaitDrainWriters":null,"buffer":{"head":null,"length":0,"tail":null},"highWaterMark":16384,"length":0,"pipes":[]},"_server":null,"_sockname":null,"_writableState":{"bufferedIndex":0,"corked":0,"highWaterMark":16384,"length":0,"pendingcb":1,"writelen":0},"allowHalfOpen":false,"connecting":false,"parser":null,"server":null},"statusCode":200,"statusMessage":"OK","text":"{\"sattus\":\"OK\"}","upgrade":false,"url":""},"serverError":false,"status":200,"statusCode":200,"statusType":2,"text":"{\"sattus\":\"OK\"}","type":"application/json","unauthorized":false,"unprocessableEntity":false}}
{"level":"warn","message":{"_id":"65afcfed1064be291bb6d79a"}}
{"level":"warn","message":{"_id":"65afcffecd8b47e7fc14e52b"}}
{"level":"warn","message":{"_id":"65b16afce0bab663b2314794"}}
{"level":"warn","message":{"_id":"65b16bfac962ab68810c376c"}}
{"level":"warn","message":{"_id":"65b16c0ee1cbbbd600caac49"}}
{"level":"warn","message":{"_id":"65b16c382ac67d317e610d41"}}
{"level":"warn","message":{"_id":"65b16c7cfd71384836cd7f3b"}}
{"level":"warn","message":{"_id":"65b16d3a29b99bcb186c7e2c"}}
{"level":"warn","message":{"_id":"65b170f780c866f820454904"}}
{"level":"warn","message":{"_id":"65b1760aa40bccc6dbe3a6d7"}}
{"level":"warn","message":{"_id":"65b22dd80365039128b40147"}}
{"level":"warn","message":{"_id":"65b22e40a8c6b72db3e5b405"}}
{"level":"warn","message":{"_id":"65b22e4d7e37b2ace16ccf04"}}
{"level":"warn","message":{"_id":"65b22e8f286d84559ab9222e"}}
